// Jest Snapshot v1, https://goo.gl/fbAQLP

exports[`matches snapshot 1`] = `
<DocumentFragment>
  <form>
    <label
      for="name"
    >
      Todo
    </label>
    <input
      id="name"
      name="name"
      placeholder="Todo"
      type="text"
      value=""
    />
    <button>
      Create Todo
    </button>
  </form>
</DocumentFragment>
`;
